Archive member included to satisfy reference by file (symbol)

C:/ST/STM32CubeCLT_1.16.0/GNU-tools-for-STM32/bin/../lib/gcc/arm-none-eabi/12.3.1/../../../../arm-none-eabi/lib/thumb/v7e-m+fp/hard\libc_nano.a(libc_a-exit.o)
                              C:/ST/STM32CubeCLT_1.16.0/GNU-tools-for-STM32/bin/../lib/gcc/arm-none-eabi/12.3.1/../../../../arm-none-eabi/lib/thumb/v7e-m+fp/hard/crt0.o (exit)
C:/ST/STM32CubeCLT_1.16.0/GNU-tools-for-STM32/bin/../lib/gcc/arm-none-eabi/12.3.1/../../../../arm-none-eabi/lib/thumb/v7e-m+fp/hard\libc_nano.a(libc_a-findfp.o)
                              C:/ST/STM32CubeCLT_1.16.0/GNU-tools-for-STM32/bin/../lib/gcc/arm-none-eabi/12.3.1/../../../../arm-none-eabi/lib/thumb/v7e-m+fp/hard\libc_nano.a(libc_a-exit.o) (__stdio_exit_handler)
C:/ST/STM32CubeCLT_1.16.0/GNU-tools-for-STM32/bin/../lib/gcc/arm-none-eabi/12.3.1/../../../../arm-none-eabi/lib/thumb/v7e-m+fp/hard\libc_nano.a(libc_a-fwalk.o)
                              C:/ST/STM32CubeCLT_1.16.0/GNU-tools-for-STM32/bin/../lib/gcc/arm-none-eabi/12.3.1/../../../../arm-none-eabi/lib/thumb/v7e-m+fp/hard\libc_nano.a(libc_a-findfp.o) (_fwalk_sglue)
C:/ST/STM32CubeCLT_1.16.0/GNU-tools-for-STM32/bin/../lib/gcc/arm-none-eabi/12.3.1/../../../../arm-none-eabi/lib/thumb/v7e-m+fp/hard\libc_nano.a(libc_a-stdio.o)
                              C:/ST/STM32CubeCLT_1.16.0/GNU-tools-for-STM32/bin/../lib/gcc/arm-none-eabi/12.3.1/../../../../arm-none-eabi/lib/thumb/v7e-m+fp/hard\libc_nano.a(libc_a-findfp.o) (__sread)
C:/ST/STM32CubeCLT_1.16.0/GNU-tools-for-STM32/bin/../lib/gcc/arm-none-eabi/12.3.1/../../../../arm-none-eabi/lib/thumb/v7e-m+fp/hard\libc_nano.a(libc_a-memset.o)
                              C:/ST/STM32CubeCLT_1.16.0/GNU-tools-for-STM32/bin/../lib/gcc/arm-none-eabi/12.3.1/../../../../arm-none-eabi/lib/thumb/v7e-m+fp/hard/crt0.o (memset)
C:/ST/STM32CubeCLT_1.16.0/GNU-tools-for-STM32/bin/../lib/gcc/arm-none-eabi/12.3.1/../../../../arm-none-eabi/lib/thumb/v7e-m+fp/hard\libc_nano.a(libc_a-closer.o)
                              C:/ST/STM32CubeCLT_1.16.0/GNU-tools-for-STM32/bin/../lib/gcc/arm-none-eabi/12.3.1/../../../../arm-none-eabi/lib/thumb/v7e-m+fp/hard\libc_nano.a(libc_a-stdio.o) (_close_r)
C:/ST/STM32CubeCLT_1.16.0/GNU-tools-for-STM32/bin/../lib/gcc/arm-none-eabi/12.3.1/../../../../arm-none-eabi/lib/thumb/v7e-m+fp/hard\libc_nano.a(libc_a-reent.o)
                              C:/ST/STM32CubeCLT_1.16.0/GNU-tools-for-STM32/bin/../lib/gcc/arm-none-eabi/12.3.1/../../../../arm-none-eabi/lib/thumb/v7e-m+fp/hard\libc_nano.a(libc_a-closer.o) (errno)
C:/ST/STM32CubeCLT_1.16.0/GNU-tools-for-STM32/bin/../lib/gcc/arm-none-eabi/12.3.1/../../../../arm-none-eabi/lib/thumb/v7e-m+fp/hard\libc_nano.a(libc_a-impure.o)
                              C:/ST/STM32CubeCLT_1.16.0/GNU-tools-for-STM32/bin/../lib/gcc/arm-none-eabi/12.3.1/../../../../arm-none-eabi/lib/thumb/v7e-m+fp/hard\libc_nano.a(libc_a-reent.o) (_impure_ptr)
C:/ST/STM32CubeCLT_1.16.0/GNU-tools-for-STM32/bin/../lib/gcc/arm-none-eabi/12.3.1/../../../../arm-none-eabi/lib/thumb/v7e-m+fp/hard\libc_nano.a(libc_a-lseekr.o)
                              C:/ST/STM32CubeCLT_1.16.0/GNU-tools-for-STM32/bin/../lib/gcc/arm-none-eabi/12.3.1/../../../../arm-none-eabi/lib/thumb/v7e-m+fp/hard\libc_nano.a(libc_a-stdio.o) (_lseek_r)
C:/ST/STM32CubeCLT_1.16.0/GNU-tools-for-STM32/bin/../lib/gcc/arm-none-eabi/12.3.1/../../../../arm-none-eabi/lib/thumb/v7e-m+fp/hard\libc_nano.a(libc_a-readr.o)
                              C:/ST/STM32CubeCLT_1.16.0/GNU-tools-for-STM32/bin/../lib/gcc/arm-none-eabi/12.3.1/../../../../arm-none-eabi/lib/thumb/v7e-m+fp/hard\libc_nano.a(libc_a-stdio.o) (_read_r)
C:/ST/STM32CubeCLT_1.16.0/GNU-tools-for-STM32/bin/../lib/gcc/arm-none-eabi/12.3.1/../../../../arm-none-eabi/lib/thumb/v7e-m+fp/hard\libc_nano.a(libc_a-writer.o)
                              C:/ST/STM32CubeCLT_1.16.0/GNU-tools-for-STM32/bin/../lib/gcc/arm-none-eabi/12.3.1/../../../../arm-none-eabi/lib/thumb/v7e-m+fp/hard\libc_nano.a(libc_a-stdio.o) (_write_r)
C:/ST/STM32CubeCLT_1.16.0/GNU-tools-for-STM32/bin/../lib/gcc/arm-none-eabi/12.3.1/../../../../arm-none-eabi/lib/thumb/v7e-m+fp/hard\libc_nano.a(libc_a-init.o)
                              C:/ST/STM32CubeCLT_1.16.0/GNU-tools-for-STM32/bin/../lib/gcc/arm-none-eabi/12.3.1/../../../../arm-none-eabi/lib/thumb/v7e-m+fp/hard/crt0.o (__libc_init_array)
C:/ST/STM32CubeCLT_1.16.0/GNU-tools-for-STM32/bin/../lib/gcc/arm-none-eabi/12.3.1/../../../../arm-none-eabi/lib/thumb/v7e-m+fp/hard\libc_nano.a(libc_a-lock.o)
                              C:/ST/STM32CubeCLT_1.16.0/GNU-tools-for-STM32/bin/../lib/gcc/arm-none-eabi/12.3.1/../../../../arm-none-eabi/lib/thumb/v7e-m+fp/hard\libc_nano.a(libc_a-findfp.o) (__retarget_lock_init_recursive)
C:/ST/STM32CubeCLT_1.16.0/GNU-tools-for-STM32/bin/../lib/gcc/arm-none-eabi/12.3.1/../../../../arm-none-eabi/lib/thumb/v7e-m+fp/hard\libc_nano.a(libc_a-freer.o)
[...]
Memory Configuration

Name             Origin             Length             Attributes
RAM              0x20000000         0x00020000         xrw
FLASH            0x08000000         0x00080000         xr
*default*        0x00000000         0xffffffff

Linker script and memory map

LOAD C:/ST/STM32CubeCLT_1.16.0/GNU-tools-for-STM32/bin/../lib/gcc/arm-none-eabi/12.3.1/thumb/v7e-m+fp/hard/crti.o
LOAD C:/ST/STM32CubeCLT_1.16.0/GNU-tools-for-STM32/bin/../lib/gcc/arm-none-eabi/12.3.1/thumb/v7e-m+fp/hard/crtbegin.o
LOAD C:/ST/STM32CubeCLT_1.16.0/GNU-tools-for-STM32/bin/../lib/gcc/arm-none-eabi/12.3.1/../../../../arm-none-eabi/lib/thumb/v7e-m+fp/hard/crt0.o
START GROUP
LOAD C:/ST/STM32CubeCLT_1.16.0/GNU-tools-for-STM32/bin/../lib/gcc/arm-none-eabi/12.3.1/../../../../arm-none-eabi/lib/thumb/v7e-m+fp/hard\libc_nano.a
LOAD C:/ST/STM32CubeCLT_1.16.0/GNU-tools-for-STM32/bin/../lib/gcc/arm-none-eabi/12.3.1/../../../../arm-none-eabi/lib/thumb/v7e-m+fp/hard\libm.a
END GROUP
LOAD CMakeFiles/TIM2ADC1DMA.dir/Core/Src/main.c.obj
LOAD CMakeFiles/TIM2ADC1DMA.dir/Core/Src/stm32f4xx_it.c.obj
LOAD CMakeFiles/TIM2ADC1DMA.dir/Core/Src/stm32f4xx_hal_msp.c.obj
LOAD CMakeFiles/TIM2ADC1DMA.dir/Drivers/STM32F4xx_HAL_Driver/Src/stm32f4xx_hal_adc.c.obj
LOAD CMakeFiles/TIM2ADC1DMA.dir/Drivers/STM32F4xx_HAL_Driver/Src/stm32f4xx_hal_adc_ex.c.obj
LOAD CMakeFiles/TIM2ADC1DMA.dir/Drivers/STM32F4xx_HAL_Driver/Src/stm32f4xx_ll_adc.c.obj
LOAD CMakeFiles/TIM2ADC1DMA.dir/Drivers/STM32F4xx_HAL_Driver/Src/stm32f4xx_hal_rcc.c.obj
LOAD CMakeFiles/TIM2ADC1DMA.dir/Drivers/STM32F4xx_HAL_Driver/Src/stm32f4xx_hal_rcc_ex.c.obj
LOAD CMakeFiles/TIM2ADC1DMA.dir/Drivers/STM32F4xx_HAL_Driver/Src/stm32f4xx_hal_flash.c.obj
LOAD CMakeFiles/TIM2ADC1DMA.dir/Drivers/STM32F4xx_HAL_Driver/Src/stm32f4xx_hal_flash_ex.c.obj
LOAD CMakeFiles/TIM2ADC1DMA.dir/Drivers/STM32F4xx_HAL_Driver/Src/stm32f4xx_hal_flash_ramfunc.c.obj
LOAD CMakeFiles/TIM2ADC1DMA.dir/Drivers/STM32F4xx_HAL_Driver/Src/stm32f4xx_hal_gpio.c.obj
LOAD CMakeFiles/TIM2ADC1DMA.dir/Drivers/STM32F4xx_HAL_Driver/Src/stm32f4xx_hal_dma_ex.c.obj
LOAD CMakeFiles/TIM2ADC1DMA.dir/Drivers/STM32F4xx_HAL_Driver/Src/stm32f4xx_hal_dma.c.obj
LOAD CMakeFiles/TIM2ADC1DMA.dir/Drivers/STM32F4xx_HAL_Driver/Src/stm32f4xx_hal_pwr.c.obj
LOAD CMakeFiles/TIM2ADC1DMA.dir/Drivers/STM32F4xx_HAL_Driver/Src/stm32f4xx_hal_pwr_ex.c.obj
LOAD CMakeFiles/TIM2ADC1DMA.dir/Drivers/STM32F4xx_HAL_Driver/Src/stm32f4xx_hal_cortex.c.obj
LOAD CMakeFiles/TIM2ADC1DMA.dir/Drivers/STM32F4xx_HAL_Driver/Src/stm32f4xx_hal.c.obj
LOAD CMakeFiles/TIM2ADC1DMA.dir/Drivers/STM32F4xx_HAL_Driver/Src/stm32f4xx_hal_exti.c.obj
LOAD CMakeFiles/TIM2ADC1DMA.dir/Drivers/STM32F4xx_HAL_Driver/Src/stm32f4xx_hal_tim.c.obj
LOAD CMakeFiles/TIM2ADC1DMA.dir/Drivers/STM32F4xx_HAL_Driver/Src/stm32f4xx_hal_tim_ex.c.obj
LOAD CMakeFiles/TIM2ADC1DMA.dir/Core/Src/system_stm32f4xx.c.obj
LOAD CMakeFiles/TIM2ADC1DMA.dir/Core/Src/sysmem.c.obj
LOAD CMakeFiles/TIM2ADC1DMA.dir/Core/Src/syscalls.c.obj
LOAD CMakeFiles/TIM2ADC1DMA.dir/startup_stm32f411xe.s.obj
START GROUP
LOAD C:/ST/STM32CubeCLT_1.16.0/GNU-tools-for-STM32/bin/../lib/gcc/arm-none-eabi/12.3.1/thumb/v7e-m+fp/hard\libgcc.a
LOAD C:/ST/STM32CubeCLT_1.16.0/GNU-tools-for-STM32/bin/../lib/gcc/arm-none-eabi/12.3.1/../../../../arm-none-eabi/lib/thumb/v7e-m+fp/hard\libg_nano.a
LOAD C:/ST/STM32CubeCLT_1.16.0/GNU-tools-for-STM32/bin/../lib/gcc/arm-none-eabi/12.3.1/../../../../arm-none-eabi/lib/thumb/v7e-m+fp/hard\libc_nano.a
END GROUP
START GROUP
LOAD C:/ST/STM32CubeCLT_1.16.0/GNU-tools-for-STM32/bin/../lib/gcc/arm-none-eabi/12.3.1/thumb/v7e-m+fp/hard\libgcc.a
LOAD C:/ST/STM32CubeCLT_1.16.0/GNU-tools-for-STM32/bin/../lib/gcc/arm-none-eabi/12.3.1/../../../../arm-none-eabi/lib/thumb/v7e-m+fp/hard\libc_nano.a
END GROUP
LOAD C:/ST/STM32CubeCLT_1.16.0/GNU-tools-for-STM32/bin/../lib/gcc/arm-none-eabi/12.3.1/thumb/v7e-m+fp/hard/crtend.o
LOAD C:/ST/STM32CubeCLT_1.16.0/GNU-tools-for-STM32/bin/../lib/gcc/arm-none-eabi/12.3.1/thumb/v7e-m+fp/hard/crtn.o
                0x20020000                        _estack = (ORIGIN (RAM) + LENGTH (RAM))
                0x00000200                        _Min_Heap_Size = 0x200
                0x00000400                        _Min_Stack_Size = 0x400

.isr_vector     0x08000000      0x198
                0x08000000                        . = ALIGN (0x4)
 *(.isr_vector)
 .isr_vector    0x08000000      0x198 CMakeFiles/TIM2ADC1DMA.dir/startup_stm32f411xe.s.obj
                0x08000000                g_pfnVectors
                0x08000198                        . = ALIGN (0x4)

.text           0x08000198     0x3b84
                0x08000198                        . = ALIGN (0x4)
 *(.text)
 .text          0x08000198       0x40 C:/ST/STM32CubeCLT_1.16.0/GNU-tools-for-STM32/bin/../lib/gcc/arm-none-eabi/12.3.1/thumb/v7e-m+fp/hard/crtbegin.o
 .text          0x080001d8      0x378 C:/ST/STM32CubeCLT_1.16.0/GNU-tools-for-STM32/bin/../lib/gcc/arm-none-eabi/12.3.1/thumb/v7e-m+fp/hard\libgcc.a(_arm_addsubdf3.o)
                0x080001d8                __aeabi_drsub
                0x080001e0                __aeabi_dsub
                0x080001e0                __subdf3
                0x080001e4                __aeabi_dadd
                0x080001e4                __adddf3
                0x0800045c                __floatunsidf
                0x0800045c                __aeabi_ui2d
                0x0800047c                __floatsidf
                0x0800047c                __aeabi_i2d
                0x080004a0                __aeabi_f2d
                0x080004a0                __extendsfdf2
                0x080004e4                __floatundidf
                0x080004e4                __aeabi_ul2d
                0x080004f4                __floatdidf
                0x080004f4                __aeabi_l2d
 .text          0x08000550      0x424 C:/ST/STM32CubeCLT_1.16.0/GNU-tools-for-STM32/bin/../lib/gcc/arm-none-eabi/12.3.1/thumb/v7e-m+fp/hard\libgcc.a(_arm_muldivdf3.o)
                0x08000550                __aeabi_dmul
                0x08000550                __muldf3
                0x080007a4                __divdf3
                0x080007a4                __aeabi_ddiv
 .text          0x08000974       0xa0 C:/ST/STM32CubeCLT_1.16.0/GNU-tools-for-STM32/bin/../lib/gcc/arm-none-eabi/12.3.1/thumb/v7e-m+fp/hard\libgcc.a(_arm_truncdfsf2.o)
                0x08000974                __truncdfsf2
                0x08000974                __aeabi_d2f
 .text          0x08000a14       0x30 C:/ST/STM32CubeCLT_1.16.0/GNU-tools-for-STM32/bin/../lib/gcc/arm-none-eabi/12.3.1/thumb/v7e-m+fp/hard\libgcc.a(_aeabi_uldivmod.o)
                0x08000a14                __aeabi_uldivmod
 .text          0x08000a44      0x2bc C:/ST/STM32CubeCLT_1.16.0/GNU-tools-for-STM32/bin/../lib/gcc/arm-none-eabi/12.3.1/thumb/v7e-m+fp/hard\libgcc.a(_udivmoddi4.o)
                0x08000a44                __udivmoddi4
 .text          0x08000d00        0x4 C:/ST/STM32CubeCLT_1.16.0/GNU-tools-for-STM32/bin/../lib/gcc/arm-none-eabi/12.3.1/thumb/v7e-m+fp/hard\libgcc.a(_dvmd_tls.o)
                0x08000d00                __aeabi_idiv0
                0x08000d00                __aeabi_ldiv0
 *(.text*)
 .text.memset   0x08000d04       0x10 C:/ST/STM32CubeCLT_1.16.0/GNU-tools-for-STM32/bin/../lib/gcc/arm-none-eabi/12.3.1/../../../../arm-none-eabi/lib/thumb/v7e-m+fp/hard\libc_nano.a(libc_a-memset.o)
                0x08000d04                memset
 .text.__libc_init_array
                0x08000d14       0x48 C:/ST/STM32CubeCLT_1.16.0/GNU-tools-for-STM32/bin/../lib/gcc/arm-none-eabi/12.3.1/../../../../arm-none-eabi/lib/thumb/v7e-m+fp/hard\libc_nano.a(libc_a-init.o)
                0x08000d14                __libc_init_array
 .text.main     0x08000d5c       0x54 CMakeFiles/TIM2ADC1DMA.dir/Core/Src/main.c.obj
                0x08000d5c                main
 .text.SystemClock_Config
                0x08000db0       0xbc CMakeFiles/TIM2ADC1DMA.dir/Core/Src/main.c.obj
                0x08000db0                SystemClock_Config
 .text.MX_ADC1_Init
                0x08000e6c       0xc0 CMakeFiles/TIM2ADC1DMA.dir/Core/Src/main.c.obj
 .text.MX_TIM2_Init
                0x08000f2c       0x9c CMakeFiles/TIM2ADC1DMA.dir/Core/Src/main.c.obj
 .text.MX_DMA_Init
                0x08000fc8       0x40 CMakeFiles/TIM2ADC1DMA.dir/Core/Src/main.c.obj
 .text.MX_GPIO_Init
                0x08001008       0xd4 CMakeFiles/TIM2ADC1DMA.dir/Core/Src/main.c.obj
 .text.Error_Handler
                0x080010dc        0xc CMakeFiles/TIM2ADC1DMA.dir/Core/Src/main.c.obj
                0x080010dc                Error_Handler
 .text.NMI_Handler
                0x080010e8        0x8 CMakeFiles/TIM2ADC1DMA.dir/Core/Src/stm32f4xx_it.c.obj
                0x080010e8                NMI_Handler
 .text.HardFault_Handler
                0x080010f0        0x8 CMakeFiles/TIM2ADC1DMA.dir/Core/Src/stm32f4xx_it.c.obj
                0x080010f0                HardFault_Handler
 .text.MemManage_Handler
                0x080010f8        0x8 CMakeFiles/TIM2ADC1DMA.dir/Core/Src/stm32f4xx_it.c.obj
                0x080010f8                MemManage_Handler
 .text.BusFault_Handler
                0x08001100        0x8 CMakeFiles/TIM2ADC1DMA.dir/Core/Src/stm32f4xx_it.c.obj
                0x08001100                BusFault_Handler
 .text.UsageFault_Handler
                0x08001108        0x8 CMakeFiles/TIM2ADC1DMA.dir/Core/Src/stm32f4xx_it.c.obj
                0x08001108                UsageFault_Handler
 .text.SVC_Handler
                0x08001110        0xe CMakeFiles/TIM2ADC1DMA.dir/Core/Src/stm32f4xx_it.c.obj
                0x08001110                SVC_Handler
 .text.DebugMon_Handler
                0x0800111e        0xe CMakeFiles/TIM2ADC1DMA.dir/Core/Src/stm32f4xx_it.c.obj
                0x0800111e                DebugMon_Handler
 .text.PendSV_Handler
                0x0800112c        0xe CMakeFiles/TIM2ADC1DMA.dir/Core/Src/stm32f4xx_it.c.obj
                0x0800112c                PendSV_Handler
 .text.SysTick_Handler
                0x0800113a        0xc CMakeFiles/TIM2ADC1DMA.dir/Core/Src/stm32f4xx_it.c.obj
                0x0800113a                SysTick_Handler
 *fill*         0x08001146        0x2 
 .text.EXTI0_IRQHandler
                0x08001148       0x2c CMakeFiles/TIM2ADC1DMA.dir/Core/Src/stm32f4xx_it.c.obj
                0x08001148                EXTI0_IRQHandler
 .text.ADC_IRQHandler
                0x08001174       0x14 CMakeFiles/TIM2ADC1DMA.dir/Core/Src/stm32f4xx_it.c.obj
                0x08001174                ADC_IRQHandler
 .text.TIM2_IRQHandler
                0x08001188       0x24 CMakeFiles/TIM2ADC1DMA.dir/Core/Src/stm32f4xx_it.c.obj
                0x08001188                TIM2_IRQHandler
 .text.DMA2_Stream0_IRQHandler
                0x080011ac       0x14 CMakeFiles/TIM2ADC1DMA.dir/Core/Src/stm32f4xx_it.c.obj
                0x080011ac                DMA2_Stream0_IRQHandler
 .text.HAL_ADC_ConvCpltCallback
                0x080011c0       0xbc CMakeFiles/TIM2ADC1DMA.dir/Core/Src/stm32f4xx_it.c.obj
                0x080011c0                HAL_ADC_ConvCpltCallback
 .text.HAL_MspInit
                0x0800127c       0x50 CMakeFiles/TIM2ADC1DMA.dir/Core/Src/stm32f4xx_hal_msp.c.obj
                0x0800127c                HAL_MspInit
 .text.HAL_ADC_MspInit
                0x080012cc      0x100 CMakeFiles/TIM2ADC1DMA.dir/Core/Src/stm32f4xx_hal_msp.c.obj
                0x080012cc                HAL_ADC_MspInit
 .text.HAL_TIM_Base_MspInit
                0x080013cc       0x4c CMakeFiles/TIM2ADC1DMA.dir/Core/Src/stm32f4xx_hal_msp.c.obj
                0x080013cc                HAL_TIM_Base_MspInit
 .text.HAL_ADC_Init
                0x08001418       0x86 CMakeFiles/TIM2ADC1DMA.dir/Drivers/STM32F4xx_HAL_Driver/Src/stm32f4xx_hal_adc.c.obj
                0x08001418                HAL_ADC_Init
 .text.HAL_ADC_IRQHandler
                0x0800149e      0x220 CMakeFiles/TIM2ADC1DMA.dir/Drivers/STM32F4xx_HAL_Driver/Src/stm32f4xx_hal_adc.c.obj
                0x0800149e                HAL_ADC_IRQHandler
 *fill*         0x080016be        0x2 
 .text.HAL_ADC_Start_DMA
                0x080016c0      0x1e0 CMakeFiles/TIM2ADC1DMA.dir/Drivers/STM32F4xx_HAL_Driver/Src/stm32f4xx_hal_adc.c.obj
                0x080016c0                HAL_ADC_Start_DMA
 .text.HAL_ADC_ConvHalfCpltCallback
                0x080018a0       0x14 CMakeFiles/TIM2ADC1DMA.dir/Drivers/STM32F4xx_HAL_Driver/Src/stm32f4xx_hal_adc.c.obj
                0x080018a0                HAL_ADC_ConvHalfCpltCallback
 .text.HAL_ADC_LevelOutOfWindowCallback
                0x080018b4       0x14 CMakeFiles/TIM2ADC1DMA.dir/Drivers/STM32F4xx_HAL_Driver/Src/stm32f4xx_hal_adc.c.obj
                0x080018b4                HAL_ADC_LevelOutOfWindowCallback
 .text.HAL_ADC_ErrorCallback
                0x080018c8       0x14 CMakeFiles/TIM2ADC1DMA.dir/Drivers/STM32F4xx_HAL_Driver/Src/stm32f4xx_hal_adc.c.obj
                0x080018c8                HAL_ADC_ErrorCallback
 .text.HAL_ADC_ConfigChannel
                0x080018dc      0x264 CMakeFiles/TIM2ADC1DMA.dir/Drivers/STM32F4xx_HAL_Driver/Src/stm32f4xx_hal_adc.c.obj
                0x080018dc                HAL_ADC_ConfigChannel
 .text.ADC_Init
                0x08001b40      0x1f8 CMakeFiles/TIM2ADC1DMA.dir/Drivers/STM32F4xx_HAL_Driver/Src/stm32f4xx_hal_adc.c.obj
 .text.ADC_DMAConvCplt
                0x08001d38       0xba CMakeFiles/TIM2ADC1DMA.dir/Drivers/STM32F4xx_HAL_Driver/Src/stm32f4xx_hal_adc.c.obj
 .text.ADC_DMAHalfConvCplt
                0x08001df2       0x1c CMakeFiles/TIM2ADC1DMA.dir/Drivers/STM32F4xx_HAL_Driver/Src/stm32f4xx_hal_adc.c.obj
 .text.ADC_DMAError
                0x08001e0e       0x2e CMakeFiles/TIM2ADC1DMA.dir/Drivers/STM32F4xx_HAL_Driver/Src/stm32f4xx_hal_adc.c.obj
 .text.HAL_ADCEx_InjectedConvCpltCallback
                0x08001e3c       0x14 CMakeFiles/TIM2ADC1DMA.dir/Drivers/STM32F4xx_HAL_Driver/Src/stm32f4xx_hal_adc_ex.c.obj
                0x08001e3c                HAL_ADCEx_InjectedConvCpltCallback
 .text.HAL_RCC_OscConfig
                0x08001e50      0x4f0 CMakeFiles/TIM2ADC1DMA.dir/Drivers/STM32F4xx_HAL_Driver/Src/stm32f4xx_hal_rcc.c.obj
                0x08001e50                HAL_RCC_OscConfig
 .text.HAL_RCC_ClockConfig
                0x08002340      0x1cc CMakeFiles/TIM2ADC1DMA.dir/Drivers/STM32F4xx_HAL_Driver/Src/stm32f4xx_hal_rcc.c.obj
                0x08002340                HAL_RCC_ClockConfig
 .text.HAL_RCC_GetSysClockFreq
                0x0800250c      0x18c CMakeFiles/TIM2ADC1DMA.dir/Drivers/STM32F4xx_HAL_Driver/Src/stm32f4xx_hal_rcc.c.obj
                0x0800250c                HAL_RCC_GetSysClockFreq
 .text.HAL_GPIO_Init
                0x08002698      0x308 CMakeFiles/TIM2ADC1DMA.dir/Drivers/STM32F4xx_HAL_Driver/Src/stm32f4xx_hal_gpio.c.obj
                0x08002698                HAL_GPIO_Init
 .text.HAL_GPIO_WritePin
                0x080029a0       0x32 CMakeFiles/TIM2ADC1DMA.dir/Drivers/STM32F4xx_HAL_Driver/Src/stm32f4xx_hal_gpio.c.obj
                0x080029a0                HAL_GPIO_WritePin
 *fill*         0x080029d2        0x2 
 .text.HAL_GPIO_EXTI_IRQHandler
                0x080029d4       0x30 CMakeFiles/TIM2ADC1DMA.dir/Drivers/STM32F4xx_HAL_Driver/Src/stm32f4xx_hal_gpio.c.obj
                0x080029d4                HAL_GPIO_EXTI_IRQHandler
 .text.HAL_GPIO_EXTI_Callback
                0x08002a04       0x16 CMakeFiles/TIM2ADC1DMA.dir/Drivers/STM32F4xx_HAL_Driver/Src/stm32f4xx_hal_gpio.c.obj
                0x08002a04                HAL_GPIO_EXTI_Callback
 *fill*         0x08002a1a        0x2 
 .text.HAL_DMA_Init
                0x08002a1c      0x15c CMakeFiles/TIM2ADC1DMA.dir/Drivers/STM32F4xx_HAL_Driver/Src/stm32f4xx_hal_dma.c.obj
                0x08002a1c                HAL_DMA_Init
 .text.HAL_DMA_Start_IT
                0x08002b78       0xb0 CMakeFiles/TIM2ADC1DMA.dir/Drivers/STM32F4xx_HAL_Driver/Src/stm32f4xx_hal_dma.c.obj
                0x08002b78                HAL_DMA_Start_IT
 .text.HAL_DMA_IRQHandler
                0x08002c28      0x314 CMakeFiles/TIM2ADC1DMA.dir/Drivers/STM32F4xx_HAL_Driver/Src/stm32f4xx_hal_dma.c.obj
                0x08002c28                HAL_DMA_IRQHandler
 .text.DMA_SetConfig
                0x08002f3c       0x5c CMakeFiles/TIM2ADC1DMA.dir/Drivers/STM32F4xx_HAL_Driver/Src/stm32f4xx_hal_dma.c.obj
 .text.DMA_CalcBaseAndBitshift
                0x08002f98       0x6c CMakeFiles/TIM2ADC1DMA.dir/Drivers/STM32F4xx_HAL_Driver/Src/stm32f4xx_hal_dma.c.obj
 .text.DMA_CheckFifoParam
                0x08003004       0xf8 CMakeFiles/TIM2ADC1DMA.dir/Drivers/STM32F4xx_HAL_Driver/Src/stm32f4xx_hal_dma.c.obj
 .text.__NVIC_SetPriorityGrouping
                0x080030fc       0x48 CMakeFiles/TIM2ADC1DMA.dir/Drivers/STM32F4xx_HAL_Driver/Src/stm32f4xx_hal_cortex.c.obj
 .text.__NVIC_GetPriorityGrouping
                0x08003144       0x1c CMakeFiles/TIM2ADC1DMA.dir/Drivers/STM32F4xx_HAL_Driver/Src/stm32f4xx_hal_cortex.c.obj
 .text.__NVIC_EnableIRQ
                0x08003160       0x3c CMakeFiles/TIM2ADC1DMA.dir/Drivers/STM32F4xx_HAL_Driver/Src/stm32f4xx_hal_cortex.c.obj
 .text.__NVIC_SetPriority
                0x0800319c       0x54 CMakeFiles/TIM2ADC1DMA.dir/Drivers/STM32F4xx_HAL_Driver/Src/stm32f4xx_hal_cortex.c.obj
 .text.NVIC_EncodePriority
                0x080031f0       0x66 CMakeFiles/TIM2ADC1DMA.dir/Drivers/STM32F4xx_HAL_Driver/Src/stm32f4xx_hal_cortex.c.obj
 *fill*         0x08003256        0x2 
 .text.SysTick_Config
                0x08003258       0x44 CMakeFiles/TIM2ADC1DMA.dir/Drivers/STM32F4xx_HAL_Driver/Src/stm32f4xx_hal_cortex.c.obj
 .text.HAL_NVIC_SetPriorityGrouping
                0x0800329c       0x16 CMakeFiles/TIM2ADC1DMA.dir/Drivers/STM32F4xx_HAL_Driver/Src/stm32f4xx_hal_cortex.c.obj
                0x0800329c                HAL_NVIC_SetPriorityGrouping
 .text.HAL_NVIC_SetPriority
                0x080032b2       0x38 CMakeFiles/TIM2ADC1DMA.dir/Drivers/STM32F4xx_HAL_Driver/Src/stm32f4xx_hal_cortex.c.obj
                0x080032b2                HAL_NVIC_SetPriority
 .text.HAL_NVIC_EnableIRQ
                0x080032ea       0x1c CMakeFiles/TIM2ADC1DMA.dir/Drivers/STM32F4xx_HAL_Driver/Src/stm32f4xx_hal_cortex.c.obj
                0x080032ea                HAL_NVIC_EnableIRQ
 .text.HAL_SYSTICK_Config
                0x08003306       0x18 CMakeFiles/TIM2ADC1DMA.dir/Drivers/STM32F4xx_HAL_Driver/Src/stm32f4xx_hal_cortex.c.obj
                0x08003306                HAL_SYSTICK_Config
 *fill*         0x0800331e        0x2 
 .text.HAL_Init
                0x08003320       0x44 CMakeFiles/TIM2ADC1DMA.dir/Drivers/STM32F4xx_HAL_Driver/Src/stm32f4xx_hal.c.obj
                0x08003320                HAL_Init
 .text.HAL_InitTick
                0x08003364       0x60 CMakeFiles/TIM2ADC1DMA.dir/Drivers/STM32F4xx_HAL_Driver/Src/stm32f4xx_hal.c.obj
                0x08003364                HAL_InitTick
 .text.HAL_IncTick
                0x080033c4       0x28 CMakeFiles/TIM2ADC1DMA.dir/Drivers/STM32F4xx_HAL_Driver/Src/stm32f4xx_hal.c.obj
                0x080033c4                HAL_IncTick
 .text.HAL_GetTick
                0x080033ec       0x18 CMakeFiles/TIM2ADC1DMA.dir/Drivers/STM32F4xx_HAL_Driver/Src/stm32f4xx_hal.c.obj
                0x080033ec                HAL_GetTick
 .text.HAL_TIM_Base_Init
                0x08003404       0x9e CMakeFiles/TIM2ADC1DMA.dir/Drivers/STM32F4xx_HAL_Driver/Src/stm32f4xx_hal_tim.c.obj
                0x08003404                HAL_TIM_Base_Init
 *fill*         0x080034a2        0x2 
 .text.HAL_TIM_Base_Start_IT
                0x080034a4       0xc4 CMakeFiles/TIM2ADC1DMA.dir/Drivers/STM32F4xx_HAL_Driver/Src/stm32f4xx_hal_tim.c.obj
                0x080034a4                HAL_TIM_Base_Start_IT
 .text.HAL_TIM_IRQHandler
                0x08003568      0x1e0 CMakeFiles/TIM2ADC1DMA.dir/Drivers/STM32F4xx_HAL_Driver/Src/stm32f4xx_hal_tim.c.obj
                0x08003568                HAL_TIM_IRQHandler
 .text.HAL_TIM_ConfigClockSource
                0x08003748      0x18e CMakeFiles/TIM2ADC1DMA.dir/Drivers/STM32F4xx_HAL_Driver/Src/stm32f4xx_hal_tim.c.obj
                0x08003748                HAL_TIM_ConfigClockSource
 .text.HAL_TIM_PeriodElapsedCallback
                0x080038d6       0x14 CMakeFiles/TIM2ADC1DMA.dir/Drivers/STM32F4xx_HAL_Driver/Src/stm32f4xx_hal_tim.c.obj
                0x080038d6                HAL_TIM_PeriodElapsedCallback
 .text.HAL_TIM_OC_DelayElapsedCallback
                0x080038ea       0x14 CMakeFiles/TIM2ADC1DMA.dir/Drivers/STM32F4xx_HAL_Driver/Src/stm32f4xx_hal_tim.c.obj
                0x080038ea                HAL_TIM_OC_DelayElapsedCallback
 .text.HAL_TIM_IC_CaptureCallback
                0x080038fe       0x14 CMakeFiles/TIM2ADC1DMA.dir/Drivers/STM32F4xx_HAL_Driver/Src/stm32f4xx_hal_tim.c.obj
                0x080038fe                HAL_TIM_IC_CaptureCallback
 .text.HAL_TIM_PWM_PulseFinishedCallback
                0x08003912       0x14 CMakeFiles/TIM2ADC1DMA.dir/Drivers/STM32F4xx_HAL_Driver/Src/stm32f4xx_hal_tim.c.obj
                0x08003912                HAL_TIM_PWM_PulseFinishedCallback
 .text.HAL_TIM_TriggerCallback
                0x08003926       0x14 CMakeFiles/TIM2ADC1DMA.dir/Drivers/STM32F4xx_HAL_Driver/Src/stm32f4xx_hal_tim.c.obj
                0x08003926                HAL_TIM_TriggerCallback
 *fill*         0x0800393a        0x2 
 .text.TIM_Base_SetConfig
                0x0800393c      0x118 CMakeFiles/TIM2ADC1DMA.dir/Drivers/STM32F4xx_HAL_Driver/Src/stm32f4xx_hal_tim.c.obj
                0x0800393c                TIM_Base_SetConfig
 .text.TIM_TI1_ConfigInputStage
                0x08003a54       0x5e CMakeFiles/TIM2ADC1DMA.dir/Drivers/STM32F4xx_HAL_Driver/Src/stm32f4xx_hal_tim.c.obj
 .text.TIM_TI2_ConfigInputStage
                0x08003ab2       0x60 CMakeFiles/TIM2ADC1DMA.dir/Drivers/STM32F4xx_HAL_Driver/Src/stm32f4xx_hal_tim.c.obj
 .text.TIM_ITRx_SetConfig
                0x08003b12       0x36 CMakeFiles/TIM2ADC1DMA.dir/Drivers/STM32F4xx_HAL_Driver/Src/stm32f4xx_hal_tim.c.obj
 .text.TIM_ETR_SetConfig
                0x08003b48       0x40 CMakeFiles/TIM2ADC1DMA.dir/Drivers/STM32F4xx_HAL_Driver/Src/stm32f4xx_hal_tim.c.obj
                0x08003b48                TIM_ETR_SetConfig
 .text.HAL_TIMEx_MasterConfigSynchronization
                0x08003b88       0xdc CMakeFiles/TIM2ADC1DMA.dir/Drivers/STM32F4xx_HAL_Driver/Src/stm32f4xx_hal_tim_ex.c.obj
                0x08003b88                HAL_TIMEx_MasterConfigSynchronization
 .text.HAL_TIMEx_CommutCallback
                0x08003c64       0x14 CMakeFiles/TIM2ADC1DMA.dir/Drivers/STM32F4xx_HAL_Driver/Src/stm32f4xx_hal_tim_ex.c.obj
                0x08003c64                HAL_TIMEx_CommutCallback
 .text.HAL_TIMEx_BreakCallback
                0x08003c78       0x14 CMakeFiles/TIM2ADC1DMA.dir/Drivers/STM32F4xx_HAL_Driver/Src/stm32f4xx_hal_tim_ex.c.obj
                0x08003c78                HAL_TIMEx_BreakCallback
 .text.SystemInit
                0x08003c8c       0x24 CMakeFiles/TIM2ADC1DMA.dir/Core/Src/system_stm32f4xx.c.obj
                0x08003c8c                SystemInit
 .text.Reset_Handler
                0x08003cb0       0x50 CMakeFiles/TIM2ADC1DMA.dir/startup_stm32f411xe.s.obj
                0x08003cb0                Reset_Handler
 .text.Default_Handler
                0x08003d00        0x2 CMakeFiles/TIM2ADC1DMA.dir/startup_stm32f411xe.s.obj
                0x08003d00                RTC_Alarm_IRQHandler
                0x08003d00                EXTI2_IRQHandler
                0x08003d00                SPI4_IRQHandler
                0x08003d00                TIM1_CC_IRQHandler
                0x08003d00                DMA2_Stream5_IRQHandler
                0x08003d00                DMA1_Stream5_IRQHandler
                0x08003d00                PVD_IRQHandler
                0x08003d00                SDIO_IRQHandler
                0x08003d00                TAMP_STAMP_IRQHandler
                0x08003d00                EXTI3_IRQHandler
                0x08003d00                TIM1_UP_TIM10_IRQHandler
                0x08003d00                I2C3_ER_IRQHandler
                0x08003d00                I2C2_EV_IRQHandler
                0x08003d00                DMA1_Stream2_IRQHandler
                0x08003d00                FPU_IRQHandler
                0x08003d00                DMA2_Stream2_IRQHandler
                0x08003d00                SPI1_IRQHandler
                0x08003d00                TIM1_BRK_TIM9_IRQHandler
                0x08003d00                DMA2_Stream3_IRQHandler
                0x08003d00                USART6_IRQHandler
                0x08003d00                TIM4_IRQHandler
                0x08003d00                I2C1_EV_IRQHandler
                0x08003d00                DMA1_Stream6_IRQHandler
                0x08003d00                DMA1_Stream1_IRQHandler
                0x08003d00                TIM3_IRQHandler
                0x08003d00                RCC_IRQHandler
                0x08003d00                Default_Handler
                0x08003d00                EXTI15_10_IRQHandler
                0x08003d00                DMA1_Stream7_IRQHandler
                0x08003d00                SPI5_IRQHandler
                0x08003d00                TIM5_IRQHandler
                0x08003d00                DMA2_Stream7_IRQHandler
                0x08003d00                I2C3_EV_IRQHandler
                0x08003d00                EXTI9_5_IRQHandler
                0x08003d00                RTC_WKUP_IRQHandler
                0x08003d00                SPI2_IRQHandler
                0x08003d00                DMA1_Stream0_IRQHandler
                0x08003d00                EXTI4_IRQHandler
                0x08003d00                WWDG_IRQHandler
                0x08003d00                OTG_FS_WKUP_IRQHandler
                0x08003d00                TIM1_TRG_COM_TIM11_IRQHandler
                0x08003d00                EXTI1_IRQHandler
                0x08003d00                USART2_IRQHandler
                0x08003d00                I2C2_ER_IRQHandler
                0x08003d00                DMA2_Stream1_IRQHandler
                0x08003d00                FLASH_IRQHandler
                0x08003d00                DMA2_Stream4_IRQHandler
                0x08003d00                USART1_IRQHandler
                0x08003d00                OTG_FS_IRQHandler
                0x08003d00                SPI3_IRQHandler
                0x08003d00                DMA1_Stream4_IRQHandler
                0x08003d00                I2C1_ER_IRQHandler
                0x08003d00                DMA2_Stream6_IRQHandler
                0x08003d00                DMA1_Stream3_IRQHandler
 *(.glue_7)
 .glue_7        0x08003d02        0x0 linker stubs
 *(.glue_7t)
 .glue_7t       0x08003d02        0x0 linker stubs
 *(.eh_frame)
 *fill*         0x08003d02        0x2 
 .eh_frame      0x08003d04        0x0 C:/ST/STM32CubeCLT_1.16.0/GNU-tools-for-STM32/bin/../lib/gcc/arm-none-eabi/12.3.1/thumb/v7e-m+fp/hard/crtbegin.o
 *(.init)
 .init          0x08003d04        0x4 C:/ST/STM32CubeCLT_1.16.0/GNU-tools-for-STM32/bin/../lib/gcc/arm-none-eabi/12.3.1/thumb/v7e-m+fp/hard/crti.o
                0x08003d04                _init
 .init          0x08003d08        0x8 C:/ST/STM32CubeCLT_1.16.0/GNU-tools-for-STM32/bin/../lib/gcc/arm-none-eabi/12.3.1/thumb/v7e-m+fp/hard/crtn.o
 *(.fini)
 .fini          0x08003d10        0x4 C:/ST/STM32CubeCLT_1.16.0/GNU-tools-for-STM32/bin/../lib/gcc/arm-none-eabi/12.3.1/thumb/v7e-m+fp/hard/crti.o
                0x08003d10                _fini
 .fini          0x08003d14        0x8 C:/ST/STM32CubeCLT_1.16.0/GNU-tools-for-STM32/bin/../lib/gcc/arm-none-eabi/12.3.1/thumb/v7e-m+fp/hard/crtn.o
                0x08003d1c                        . = ALIGN (0x4)
                0x08003d1c                        _etext = .

.vfp11_veneer   0x08003d1c        0x0
 .vfp11_veneer  0x08003d1c        0x0 linker stubs

.v4_bx          0x08003d1c        0x0
 .v4_bx         0x08003d1c        0x0 linker stubs

.iplt           0x08003d1c        0x0
 .iplt          0x08003d1c        0x0 C:/ST/STM32CubeCLT_1.16.0/GNU-tools-for-STM32/bin/../lib/gcc/arm-none-eabi/12.3.1/thumb/v7e-m+fp/hard/crtbegin.o

.rodata         0x08003d1c       0x18
                0x08003d1c                        . = ALIGN (0x4)
 *(.rodata)
 *(.rodata*)
 .rodata.flagBitshiftOffset.0
                0x08003d1c        0x8 CMakeFiles/TIM2ADC1DMA.dir/Drivers/STM32F4xx_HAL_Driver/Src/stm32f4xx_hal_dma.c.obj
 .rodata.AHBPrescTable
                0x08003d24       0x10 CMakeFiles/TIM2ADC1DMA.dir/Core/Src/system_stm32f4xx.c.obj
                0x08003d24                AHBPrescTable
                0x08003d34                        . = ALIGN (0x4)

.ARM.extab
 *(.ARM.extab* .gnu.linkonce.armextab.*)

.ARM            0x08003d34        0x8
                0x08003d34                        __exidx_start = .
 *(.ARM.exidx*)
 .ARM.exidx     0x08003d34        0x8 C:/ST/STM32CubeCLT_1.16.0/GNU-tools-for-STM32/bin/../lib/gcc/arm-none-eabi/12.3.1/thumb/v7e-m+fp/hard\libgcc.a(_udivmoddi4.o)
                0x08003d3c                        __exidx_end = .

.rel.dyn        0x08003d3c        0x0
 .rel.iplt      0x08003d3c        0x0 C:/ST/STM32CubeCLT_1.16.0/GNU-tools-for-STM32/bin/../lib/gcc/arm-none-eabi/12.3.1/thumb/v7e-m+fp/hard/crtbegin.o

.preinit_array  0x08003d3c        0x0
                0x08003d3c                        PROVIDE (__preinit_array_start = .)
 *(.preinit_array*)
                0x08003d3c                        PROVIDE (__preinit_array_end = .)

.init_array     0x08003d3c        0x4
                0x08003d3c                        PROVIDE (__init_array_start = .)
 *(SORT_BY_NAME(.init_array.*))
 *(.init_array*)
 .init_array    0x08003d3c        0x4 C:/ST/STM32CubeCLT_1.16.0/GNU-tools-for-STM32/bin/../lib/gcc/arm-none-eabi/12.3.1/thumb/v7e-m+fp/hard/crtbegin.o
                0x08003d40                        PROVIDE (__init_array_end = .)

.fini_array     0x08003d40        0x4
                [!provide]                        PROVIDE (__fini_array_start = .)
 *(SORT_BY_NAME(.fini_array.*))
 *(.fini_array*)
 .fini_array    0x08003d40        0x4 C:/ST/STM32CubeCLT_1.16.0/GNU-tools-for-STM32/bin/../lib/gcc/arm-none-eabi/12.3.1/thumb/v7e-m+fp/hard/crtbegin.o
                [!provide]                        PROVIDE (__fini_array_end = .)
                0x08003d44                        _sidata = LOADADDR (.data)

.data           0x20000000        0xc load address 0x08003d44
                0x20000000                        . = ALIGN (0x4)
                0x20000000                        _sdata = .
 *(.data)
 *(.data*)
 .data.uwTickPrio
                0x20000000        0x4 CMakeFiles/TIM2ADC1DMA.dir/Drivers/STM32F4xx_HAL_Driver/Src/stm32f4xx_hal.c.obj
                0x20000000                uwTickPrio
 .data.uwTickFreq
                0x20000004        0x1 CMakeFiles/TIM2ADC1DMA.dir/Drivers/STM32F4xx_HAL_Driver/Src/stm32f4xx_hal.c.obj
                0x20000004                uwTickFreq
 *fill*         0x20000005        0x3 
 .data.SystemCoreClock
                0x20000008        0x4 CMakeFiles/TIM2ADC1DMA.dir/Core/Src/system_stm32f4xx.c.obj
                0x20000008                SystemCoreClock
                0x2000000c                        . = ALIGN (0x4)
                0x2000000c                        _edata = .

.igot.plt       0x2000000c        0x0 load address 0x08003d50
 .igot.plt      0x2000000c        0x0 C:/ST/STM32CubeCLT_1.16.0/GNU-tools-for-STM32/bin/../lib/gcc/arm-none-eabi/12.3.1/thumb/v7e-m+fp/hard/crtbegin.o
                0x2000000c                        . = ALIGN (0x4)

.bss            0x2000000c      0x128 load address 0x08003d50
                0x2000000c                        _sbss = .
                0x2000000c                        __bss_start__ = _sbss
 *(.bss)
 .bss           0x2000000c       0x1c C:/ST/STM32CubeCLT_1.16.0/GNU-tools-for-STM32/bin/../lib/gcc/arm-none-eabi/12.3.1/thumb/v7e-m+fp/hard/crtbegin.o
 *(.bss*)
 .bss.hadc1     0x20000028       0x48 CMakeFiles/TIM2ADC1DMA.dir/Core/Src/main.c.obj
                0x20000028                hadc1
 .bss.hdma_adc1
                0x20000070       0x60 CMakeFiles/TIM2ADC1DMA.dir/Core/Src/main.c.obj
                0x20000070                hdma_adc1
 .bss.htim2     0x200000d0       0x48 CMakeFiles/TIM2ADC1DMA.dir/Core/Src/main.c.obj
                0x200000d0                htim2
 .bss.BLUELED   0x20000118        0x1 CMakeFiles/TIM2ADC1DMA.dir/Core/Src/main.c.obj
                0x20000118                BLUELED
 *fill*         0x20000119        0x3 
 .bss.AD_RES_BUFFER
                0x2000011c        0x8 CMakeFiles/TIM2ADC1DMA.dir/Core/Src/main.c.obj
                0x2000011c                AD_RES_BUFFER
 .bss.ADC1IN1   0x20000124        0x2 CMakeFiles/TIM2ADC1DMA.dir/Core/Src/main.c.obj
                0x20000124                ADC1IN1
 .bss.ADC1IN2   0x20000126        0x2 CMakeFiles/TIM2ADC1DMA.dir/Core/Src/main.c.obj
                0x20000126                ADC1IN2
 .bss.voltage1  0x20000128        0x4 CMakeFiles/TIM2ADC1DMA.dir/Core/Src/main.c.obj
                0x20000128                voltage1
 .bss.voltage2  0x2000012c        0x4 CMakeFiles/TIM2ADC1DMA.dir/Core/Src/main.c.obj
                0x2000012c                voltage2
 .bss.uwTick    0x20000130        0x4 CMakeFiles/TIM2ADC1DMA.dir/Drivers/STM32F4xx_HAL_Driver/Src/stm32f4xx_hal.c.obj
                0x20000130                uwTick
 *(COMMON)
                0x20000134                        . = ALIGN (0x4)
                0x20000134                        _ebss = .
                0x20000134                        __bss_end__ = _ebss

._user_heap_stack
                0x20000134      0x604 load address 0x08003d50
                0x20000138                        . = ALIGN (0x8)
 *fill*         0x20000134        0x4 
                [!provide]                        PROVIDE (end = .)
                0x20000138                        PROVIDE (_end = .)
                0x20000338                        . = (. + _Min_Heap_Size)
 *fill*         0x20000138      0x200 
                0x20000738                        . = (. + _Min_Stack_Size)
 *fill*         0x20000338      0x400 
                0x20000738                        . = ALIGN (0x8)

/DISCARD/
 libc.a(*)
 libm.a(*)
 libgcc.a(*)

.ARM.attributes
                0x00000000       0x30
 *(.ARM.attributes)
 .ARM.attributes
                0x00000000       0x22 C:/ST/STM32CubeCLT_1.16.0/GNU-tools-for-STM32/bin/../lib/gcc/arm-none-eabi/12.3.1/thumb/v7e-m+fp/hard/crti.o
 .ARM.attributes
                0x00000022       0x34 C:/ST/STM32CubeCLT_1.16.0/GNU-tools-for-STM32/bin/../lib/gcc/arm-none-eabi/12.3.1/thumb/v7e-m+fp/hard/crtbegin.o
 .ARM.attributes
                0x00000056       0x34 C:/ST/STM32CubeCLT_1.16.0/GNU-tools-for-STM32/bin/../lib/gcc/arm-none-eabi/12.3.1/../../../../arm-none-eabi/lib/thumb/v7e-m+fp/hard\libc_nano.a(libc_a-memset.o)
 .ARM.attributes
                0x0000008a       0x34 C:/ST/STM32CubeCLT_1.16.0/GNU-tools-for-STM32/bin/../lib/gcc/arm-none-eabi/12.3.1/../../../../arm-none-eabi/lib/thumb/v7e-m+fp/hard\libc_nano.a(libc_a-init.o)
 .ARM.attributes
                0x000000be       0x34 CMakeFiles/TIM2ADC1DMA.dir/Core/Src/main.c.obj
 .ARM.attributes
                0x000000f2       0x34 CMakeFiles/TIM2ADC1DMA.dir/Core/Src/stm32f4xx_it.c.obj
 .ARM.attributes
                0x00000126       0x34 CMakeFiles/TIM2ADC1DMA.dir/Core/Src/stm32f4xx_hal_msp.c.obj
 .ARM.attributes
                0x0000015a       0x34 CMakeFiles/TIM2ADC1DMA.dir/Drivers/STM32F4xx_HAL_Driver/Src/stm32f4xx_hal_adc.c.obj
 .ARM.attributes
                0x0000018e       0x34 CMakeFiles/TIM2ADC1DMA.dir/Drivers/STM32F4xx_HAL_Driver/Src/stm32f4xx_hal_adc_ex.c.obj
 .ARM.attributes
                0x000001c2       0x34 CMakeFiles/TIM2ADC1DMA.dir/Drivers/STM32F4xx_HAL_Driver/Src/stm32f4xx_hal_rcc.c.obj
 .ARM.attributes
                0x000001f6       0x34 CMakeFiles/TIM2ADC1DMA.dir/Drivers/STM32F4xx_HAL_Driver/Src/stm32f4xx_hal_gpio.c.obj
 .ARM.attributes
                0x0000022a       0x34 CMakeFiles/TIM2ADC1DMA.dir/Drivers/STM32F4xx_HAL_Driver/Src/stm32f4xx_hal_dma.c.obj
 .ARM.attributes
                0x0000025e       0x34 CMakeFiles/TIM2ADC1DMA.dir/Drivers/STM32F4xx_HAL_Driver/Src/stm32f4xx_hal_cortex.c.obj
 .ARM.attributes
                0x00000292       0x34 CMakeFiles/TIM2ADC1DMA.dir/Drivers/STM32F4xx_HAL_Driver/Src/stm32f4xx_hal.c.obj
 .ARM.attributes
                0x000002c6       0x34 CMakeFiles/TIM2ADC1DMA.dir/Drivers/STM32F4xx_HAL_Driver/Src/stm32f4xx_hal_tim.c.obj
 .ARM.attributes
                0x000002fa       0x34 CMakeFiles/TIM2ADC1DMA.dir/Drivers/STM32F4xx_HAL_Driver/Src/stm32f4xx_hal_tim_ex.c.obj
 .ARM.attributes
                0x0000032e       0x34 CMakeFiles/TIM2ADC1DMA.dir/Core/Src/system_stm32f4xx.c.obj
 .ARM.attributes
                0x00000362       0x21 CMakeFiles/TIM2ADC1DMA.dir/startup_stm32f411xe.s.obj
 .ARM.attributes
                0x00000383       0x22 C:/ST/STM32CubeCLT_1.16.0/GNU-tools-for-STM32/bin/../lib/gcc/arm-none-eabi/12.3.1/thumb/v7e-m+fp/hard\libgcc.a(_arm_addsubdf3.o)
 .ARM.attributes
                0x000003a5       0x22 C:/ST/STM32CubeCLT_1.16.0/GNU-tools-for-STM32/bin/../lib/gcc/arm-none-eabi/12.3.1/thumb/v7e-m+fp/hard\libgcc.a(_arm_muldivdf3.o)
 .ARM.attributes
                0x000003c7       0x22 C:/ST/STM32CubeCLT_1.16.0/GNU-tools-for-STM32/bin/../lib/gcc/arm-none-eabi/12.3.1/thumb/v7e-m+fp/hard\libgcc.a(_arm_truncdfsf2.o)
 .ARM.attributes
                0x000003e9       0x22 C:/ST/STM32CubeCLT_1.16.0/GNU-tools-for-STM32/bin/../lib/gcc/arm-none-eabi/12.3.1/thumb/v7e-m+fp/hard\libgcc.a(_aeabi_uldivmod.o)
 .ARM.attributes
                0x0000040b       0x34 C:/ST/STM32CubeCLT_1.16.0/GNU-tools-for-STM32/bin/../lib/gcc/arm-none-eabi/12.3.1/thumb/v7e-m+fp/hard\libgcc.a(_udivmoddi4.o)
 .ARM.attributes
                0x0000043f       0x22 C:/ST/STM32CubeCLT_1.16.0/GNU-tools-for-STM32/bin/../lib/gcc/arm-none-eabi/12.3.1/thumb/v7e-m+fp/hard\libgcc.a(_dvmd_tls.o)
 .ARM.attributes
                0x00000461       0x22 C:/ST/STM32CubeCLT_1.16.0/GNU-tools-for-STM32/bin/../lib/gcc/arm-none-eabi/12.3.1/thumb/v7e-m+fp/hard/crtn.o
OUTPUT(TIM2ADC1DMA.elf elf32-littlearm)
LOAD linker stubs
LOAD C:/ST/STM32CubeCLT_1.16.0/GNU-tools-for-STM32/bin/../lib/gcc/arm-none-eabi/12.3.1/../../../../arm-none-eabi/lib/thumb/v7e-m+fp/hard\libc.a
LOAD C:/ST/STM32CubeCLT_1.16.0/GNU-tools-for-STM32/bin/../lib/gcc/arm-none-eabi/12.3.1/../../../../arm-none-eabi/lib/thumb/v7e-m+fp/hard\libm.a
LOAD C:/ST/STM32CubeCLT_1.16.0/GNU-tools-for-STM32/bin/../lib/gcc/arm-none-eabi/12.3.1/thumb/v7e-m+fp/hard\libgcc.a

.debug_frame    0x00000000     0x31c4
 .debug_frame   0x00000000       0x20 C:/ST/STM32CubeCLT_1.16.0/GNU-tools-for-STM32/bin/../lib/gcc/arm-none-eabi/12.3.1/../../../../arm-none-eabi/lib/thumb/v7e-m+fp/hard\libc_nano.a(libc_a-memset.o)
 .debug_frame   0x00000020       0x2c C:/ST/STM32CubeCLT_1.16.0/GNU-tools-for-STM32/bin/../lib/gcc/arm-none-eabi/12.3.1/../../../../arm-none-eabi/lib/thumb/v7e-m+fp/hard\libc_nano.a(libc_a-init.o)
 .debug_frame   0x0000004c       0xf8 CMakeFiles/TIM2ADC1DMA.dir/Core/Src/main.c.obj
 .debug_frame   0x00000144      0x198 CMakeFiles/TIM2ADC1DMA.dir/Core/Src/stm32f4xx_it.c.obj
 .debug_frame   0x000002dc       0xc8 CMakeFiles/TIM2ADC1DMA.dir/Core/Src/stm32f4xx_hal_msp.c.obj
 .debug_frame   0x000003a4      0x3fc CMakeFiles/TIM2ADC1DMA.dir/Drivers/STM32F4xx_HAL_Driver/Src/stm32f4xx_hal_adc.c.obj
 .debug_frame   0x000007a0      0x250 CMakeFiles/TIM2ADC1DMA.dir/Drivers/STM32F4xx_HAL_Driver/Src/stm32f4xx_hal_adc_ex.c.obj
 .debug_frame   0x000009f0      0x1f4 CMakeFiles/TIM2ADC1DMA.dir/Drivers/STM32F4xx_HAL_Driver/Src/stm32f4xx_hal_rcc.c.obj
 .debug_frame   0x00000be4      0x14c CMakeFiles/TIM2ADC1DMA.dir/Drivers/STM32F4xx_HAL_Driver/Src/stm32f4xx_hal_gpio.c.obj
 .debug_frame   0x00000d30      0x250 CMakeFiles/TIM2ADC1DMA.dir/Drivers/STM32F4xx_HAL_Driver/Src/stm32f4xx_hal_dma.c.obj
 .debug_frame   0x00000f80      0x508 CMakeFiles/TIM2ADC1DMA.dir/Drivers/STM32F4xx_HAL_Driver/Src/stm32f4xx_hal_cortex.c.obj
 .debug_frame   0x00001488      0x374 CMakeFiles/TIM2ADC1DMA.dir/Drivers/STM32F4xx_HAL_Driver/Src/stm32f4xx_hal.c.obj
 .debug_frame   0x000017fc     0x11b8 CMakeFiles/TIM2ADC1DMA.dir/Drivers/STM32F4xx_HAL_Driver/Src/stm32f4xx_hal_tim.c.obj
 .debug_frame   0x000029b4      0x638 CMakeFiles/TIM2ADC1DMA.dir/Drivers/STM32F4xx_HAL_Driver/Src/stm32f4xx_hal_tim_ex.c.obj
 .debug_frame   0x00002fec       0x58 CMakeFiles/TIM2ADC1DMA.dir/Core/Src/system_stm32f4xx.c.obj
 .debug_frame   0x00003044       0xac C:/ST/STM32CubeCLT_1.16.0/GNU-tools-for-STM32/bin/../lib/gcc/arm-none-eabi/12.3.1/thumb/v7e-m+fp/hard\libgcc.a(_arm_addsubdf3.o)
 .debug_frame   0x000030f0       0x50 C:/ST/STM32CubeCLT_1.16.0/GNU-tools-for-STM32/bin/../lib/gcc/arm-none-eabi/12.3.1/thumb/v7e-m+fp/hard\libgcc.a(_arm_muldivdf3.o)
 .debug_frame   0x00003140       0x24 C:/ST/STM32CubeCLT_1.16.0/GNU-tools-for-STM32/bin/../lib/gcc/arm-none-eabi/12.3.1/thumb/v7e-m+fp/hard\libgcc.a(_arm_truncdfsf2.o)
 .debug_frame   0x00003164       0x2c C:/ST/STM32CubeCLT_1.16.0/GNU-tools-for-STM32/bin/../lib/gcc/arm-none-eabi/12.3.1/thumb/v7e-m+fp/hard\libgcc.a(_aeabi_uldivmod.o)
 .debug_frame   0x00003190       0x34 C:/ST/STM32CubeCLT_1.16.0/GNU-tools-for-STM32/bin/../lib/gcc/arm-none-eabi/12.3.1/thumb/v7e-m+fp/hard\libgcc.a(_udivmoddi4.o)

.debug_info     0x00000000     0xb7c2
 .debug_info    0x00000000     0x134e CMakeFiles/TIM2ADC1DMA.dir/Core/Src/main.c.obj
 .debug_info    0x0000134e      0xab8 CMakeFiles/TIM2ADC1DMA.dir/Core/Src/stm32f4xx_it.c.obj
 .debug_info    0x00001e06      0xf2e CMakeFiles/TIM2ADC1DMA.dir/Core/Src/stm32f4xx_hal_msp.c.obj
 .debug_info    0x00002d34      0xcd1 CMakeFiles/TIM2ADC1DMA.dir/Drivers/STM32F4xx_HAL_Driver/Src/stm32f4xx_hal_adc.c.obj
 .debug_info    0x00003a05      0xb56 CMakeFiles/TIM2ADC1DMA.dir/Drivers/STM32F4xx_HAL_Driver/Src/stm32f4xx_hal_adc_ex.c.obj
 .debug_info    0x0000455b      0x8f0 CMakeFiles/TIM2ADC1DMA.dir/Drivers/STM32F4xx_HAL_Driver/Src/stm32f4xx_hal_rcc.c.obj
 .debug_info    0x00004e4b      0x6f9 CMakeFiles/TIM2ADC1DMA.dir/Drivers/STM32F4xx_HAL_Driver/Src/stm32f4xx_hal_gpio.c.obj
 .debug_info    0x00005544      0x8e6 CMakeFiles/TIM2ADC1DMA.dir/Drivers/STM32F4xx_HAL_Driver/Src/stm32f4xx_hal_dma.c.obj
 .debug_info    0x00005e2a      0xcfc CMakeFiles/TIM2ADC1DMA.dir/Drivers/STM32F4xx_HAL_Driver/Src/stm32f4xx_hal_cortex.c.obj
 .debug_info    0x00006b26      0x8c4 CMakeFiles/TIM2ADC1DMA.dir/Drivers/STM32F4xx_HAL_Driver/Src/stm32f4xx_hal.c.obj
 .debug_info    0x000073ea     0x2996 CMakeFiles/TIM2ADC1DMA.dir/Drivers/STM32F4xx_HAL_Driver/Src/stm32f4xx_hal_tim.c.obj
 .debug_info    0x00009d80     0x14d4 CMakeFiles/TIM2ADC1DMA.dir/Drivers/STM32F4xx_HAL_Driver/Src/stm32f4xx_hal_tim_ex.c.obj
 .debug_info    0x0000b254      0x53e CMakeFiles/TIM2ADC1DMA.dir/Core/Src/system_stm32f4xx.c.obj
 .debug_info    0x0000b792       0x30 CMakeFiles/TIM2ADC1DMA.dir/startup_stm32f411xe.s.obj

.debug_abbrev   0x00000000     0x1d4e
 .debug_abbrev  0x00000000      0x290 CMakeFiles/TIM2ADC1DMA.dir/Core/Src/main.c.obj
 .debug_abbrev  0x00000290      0x1fe CMakeFiles/TIM2ADC1DMA.dir/Core/Src/stm32f4xx_it.c.obj
 .debug_abbrev  0x0000048e      0x215 CMakeFiles/TIM2ADC1DMA.dir/Core/Src/stm32f4xx_hal_msp.c.obj
 .debug_abbrev  0x000006a3      0x20e CMakeFiles/TIM2ADC1DMA.dir/Drivers/STM32F4xx_HAL_Driver/Src/stm32f4xx_hal_adc.c.obj
 .debug_abbrev  0x000008b1      0x22c CMakeFiles/TIM2ADC1DMA.dir/Drivers/STM32F4xx_HAL_Driver/Src/stm32f4xx_hal_adc_ex.c.obj
 .debug_abbrev  0x00000add      0x2b6 CMakeFiles/TIM2ADC1DMA.dir/Drivers/STM32F4xx_HAL_Driver/Src/stm32f4xx_hal_rcc.c.obj
 .debug_abbrev  0x00000d93      0x1d3 CMakeFiles/TIM2ADC1DMA.dir/Drivers/STM32F4xx_HAL_Driver/Src/stm32f4xx_hal_gpio.c.obj
 .debug_abbrev  0x00000f66      0x221 CMakeFiles/TIM2ADC1DMA.dir/Drivers/STM32F4xx_HAL_Driver/Src/stm32f4xx_hal_dma.c.obj
 .debug_abbrev  0x00001187      0x31d CMakeFiles/TIM2ADC1DMA.dir/Drivers/STM32F4xx_HAL_Driver/Src/stm32f4xx_hal_cortex.c.obj
 .debug_abbrev  0x000014a4      0x24b CMakeFiles/TIM2ADC1DMA.dir/Drivers/STM32F4xx_HAL_Driver/Src/stm32f4xx_hal.c.obj
 .debug_abbrev  0x000016ef      0x28b CMakeFiles/TIM2ADC1DMA.dir/Drivers/STM32F4xx_HAL_Driver/Src/stm32f4xx_hal_tim.c.obj
 .debug_abbrev  0x0000197a      0x296 CMakeFiles/TIM2ADC1DMA.dir/Drivers/STM32F4xx_HAL_Driver/Src/stm32f4xx_hal_tim_ex.c.obj
 .debug_abbrev  0x00001c10      0x11a CMakeFiles/TIM2ADC1DMA.dir/Core/Src/system_stm32f4xx.c.obj
 .debug_abbrev  0x00001d2a       0x24 CMakeFiles/TIM2ADC1DMA.dir/startup_stm32f411xe.s.obj

.debug_aranges  0x00000000      0xba8
 .debug_aranges
                0x00000000       0x50 CMakeFiles/TIM2ADC1DMA.dir/Core/Src/main.c.obj
 .debug_aranges
                0x00000050       0x88 CMakeFiles/TIM2ADC1DMA.dir/Core/Src/stm32f4xx_it.c.obj
 .debug_aranges
                0x000000d8       0x40 CMakeFiles/TIM2ADC1DMA.dir/Core/Src/stm32f4xx_hal_msp.c.obj
 .debug_aranges
                0x00000118       0xe8 CMakeFiles/TIM2ADC1DMA.dir/Drivers/STM32F4xx_HAL_Driver/Src/stm32f4xx_hal_adc.c.obj
 .debug_aranges
                0x00000200       0x90 CMakeFiles/TIM2ADC1DMA.dir/Drivers/STM32F4xx_HAL_Driver/Src/stm32f4xx_hal_adc_ex.c.obj
 .debug_aranges
                0x00000290       0x88 CMakeFiles/TIM2ADC1DMA.dir/Drivers/STM32F4xx_HAL_Driver/Src/stm32f4xx_hal_rcc.c.obj
 .debug_aranges
                0x00000318       0x58 CMakeFiles/TIM2ADC1DMA.dir/Drivers/STM32F4xx_HAL_Driver/Src/stm32f4xx_hal_gpio.c.obj
 .debug_aranges
                0x00000370       0x90 CMakeFiles/TIM2ADC1DMA.dir/Drivers/STM32F4xx_HAL_Driver/Src/stm32f4xx_hal_dma.c.obj
 .debug_aranges
                0x00000400      0x130 CMakeFiles/TIM2ADC1DMA.dir/Drivers/STM32F4xx_HAL_Driver/Src/stm32f4xx_hal_cortex.c.obj
 .debug_aranges
                0x00000530       0xf0 CMakeFiles/TIM2ADC1DMA.dir/Drivers/STM32F4xx_HAL_Driver/Src/stm32f4xx_hal.c.obj
 .debug_aranges
                0x00000620      0x3d0 CMakeFiles/TIM2ADC1DMA.dir/Drivers/STM32F4xx_HAL_Driver/Src/stm32f4xx_hal_tim.c.obj
 .debug_aranges
                0x000009f0      0x168 CMakeFiles/TIM2ADC1DMA.dir/Drivers/STM32F4xx_HAL_Driver/Src/stm32f4xx_hal_tim_ex.c.obj
 .debug_aranges
                0x00000b58       0x28 CMakeFiles/TIM2ADC1DMA.dir/Core/Src/system_stm32f4xx.c.obj
 .debug_aranges
                0x00000b80       0x28 CMakeFiles/TIM2ADC1DMA.dir/startup_stm32f411xe.s.obj

.debug_rnglists
                0x00000000      0x905
 .debug_rnglists
                0x00000000       0x3b CMakeFiles/TIM2ADC1DMA.dir/Core/Src/main.c.obj
 .debug_rnglists
                0x0000003b       0x62 CMakeFiles/TIM2ADC1DMA.dir/Core/Src/stm32f4xx_it.c.obj
 .debug_rnglists
                0x0000009d       0x2c CMakeFiles/TIM2ADC1DMA.dir/Core/Src/stm32f4xx_hal_msp.c.obj
 .debug_rnglists
                0x000000c9       0xb5 CMakeFiles/TIM2ADC1DMA.dir/Drivers/STM32F4xx_HAL_Driver/Src/stm32f4xx_hal_adc.c.obj
 .debug_rnglists
                0x0000017e       0x71 CMakeFiles/TIM2ADC1DMA.dir/Drivers/STM32F4xx_HAL_Driver/Src/stm32f4xx_hal_adc_ex.c.obj
 .debug_rnglists
                0x000001ef       0x66 CMakeFiles/TIM2ADC1DMA.dir/Drivers/STM32F4xx_HAL_Driver/Src/stm32f4xx_hal_rcc.c.obj
 .debug_rnglists
                0x00000255       0x3f CMakeFiles/TIM2ADC1DMA.dir/Drivers/STM32F4xx_HAL_Driver/Src/stm32f4xx_hal_gpio.c.obj
 .debug_rnglists
                0x00000294       0x70 CMakeFiles/TIM2ADC1DMA.dir/Drivers/STM32F4xx_HAL_Driver/Src/stm32f4xx_hal_dma.c.obj
 .debug_rnglists
                0x00000304       0xe0 CMakeFiles/TIM2ADC1DMA.dir/Drivers/STM32F4xx_HAL_Driver/Src/stm32f4xx_hal_cortex.c.obj
 .debug_rnglists
                0x000003e4       0xaf CMakeFiles/TIM2ADC1DMA.dir/Drivers/STM32F4xx_HAL_Driver/Src/stm32f4xx_hal.c.obj
 .debug_rnglists
                0x00000493      0x31a CMakeFiles/TIM2ADC1DMA.dir/Drivers/STM32F4xx_HAL_Driver/Src/stm32f4xx_hal_tim.c.obj
 .debug_rnglists
                0x000007ad      0x125 CMakeFiles/TIM2ADC1DMA.dir/Drivers/STM32F4xx_HAL_Driver/Src/stm32f4xx_hal_tim_ex.c.obj
 .debug_rnglists
                0x000008d2       0x1a CMakeFiles/TIM2ADC1DMA.dir/Core/Src/system_stm32f4xx.c.obj
 .debug_rnglists
                0x000008ec       0x19 CMakeFiles/TIM2ADC1DMA.dir/startup_stm32f411xe.s.obj

.debug_macro    0x00000000    0x1684b
 .debug_macro   0x00000000      0x1fb CMakeFiles/TIM2ADC1DMA.dir/Core/Src/main.c.obj
 .debug_macro   0x000001fb      0xab4 CMakeFiles/TIM2ADC1DMA.dir/Core/Src/main.c.obj
 .debug_macro   0x00000caf      0x29b CMakeFiles/TIM2ADC1DMA.dir/Core/Src/main.c.obj
 .debug_macro   0x00000f4a       0x2e CMakeFiles/TIM2ADC1DMA.dir/Core/Src/main.c.obj
 .debug_macro   0x00000f78       0x28 CMakeFiles/TIM2ADC1DMA.dir/Core/Src/main.c.obj
 .debug_macro   0x00000fa0       0x22 CMakeFiles/TIM2ADC1DMA.dir/Core/Src/main.c.obj
 .debug_macro   0x00000fc2       0x8e CMakeFiles/TIM2ADC1DMA.dir/Core/Src/main.c.obj
 .debug_macro   0x00001050       0x51 CMakeFiles/TIM2ADC1DMA.dir/Core/Src/main.c.obj
 .debug_macro   0x000010a1      0x103 CMakeFiles/TIM2ADC1DMA.dir/Core/Src/main.c.obj
 .debug_macro   0x000011a4       0x6a CMakeFiles/TIM2ADC1DMA.dir/Core/Src/main.c.obj
 .debug_macro   0x0000120e      0x1df CMakeFiles/TIM2ADC1DMA.dir/Core/Src/main.c.obj
 .debug_macro   0x000013ed       0x1c CMakeFiles/TIM2ADC1DMA.dir/Core/Src/main.c.obj
 .debug_macro   0x00001409       0x22 CMakeFiles/TIM2ADC1DMA.dir/Core/Src/main.c.obj
 .debug_macro   0x0000142b       0xfb CMakeFiles/TIM2ADC1DMA.dir/Core/Src/main.c.obj
 .debug_macro   0x00001526     0x1011 CMakeFiles/TIM2ADC1DMA.dir/Core/Src/main.c.obj
 .debug_macro   0x00002537      0x11f CMakeFiles/TIM2ADC1DMA.dir/Core/Src/main.c.obj
 .debug_macro   0x00002656     0xb953 CMakeFiles/TIM2ADC1DMA.dir/Core/Src/main.c.obj
 .debug_macro   0x0000dfa9       0x6d CMakeFiles/TIM2ADC1DMA.dir/Core/Src/main.c.obj
 .debug_macro   0x0000e016     0x369a CMakeFiles/TIM2ADC1DMA.dir/Core/Src/main.c.obj
 .debug_macro   0x000116b0      0x189 CMakeFiles/TIM2ADC1DMA.dir/Core/Src/main.c.obj
 .debug_macro   0x00011839       0x5c CMakeFiles/TIM2ADC1DMA.dir/Core/Src/main.c.obj
 .debug_macro   0x00011895      0x45c CMakeFiles/TIM2ADC1DMA.dir/Core/Src/main.c.obj
 .debug_macro   0x00011cf1      0x9e9 CMakeFiles/TIM2ADC1DMA.dir/Core/Src/main.c.obj
 .debug_macro   0x000126da      0x115 CMakeFiles/TIM2ADC1DMA.dir/Core/Src/main.c.obj
 .debug_macro   0x000127ef      0x11b CMakeFiles/TIM2ADC1DMA.dir/Core/Src/main.c.obj
 .debug_macro   0x0001290a       0xa5 CMakeFiles/TIM2ADC1DMA.dir/Core/Src/main.c.obj
 .debug_macro   0x000129af      0x15f CMakeFiles/TIM2ADC1DMA.dir/Core/Src/main.c.obj
 .debug_macro   0x00012b0e      0x287 CMakeFiles/TIM2ADC1DMA.dir/Core/Src/main.c.obj
 .debug_macro   0x00012d95       0x5f CMakeFiles/TIM2ADC1DMA.dir/Core/Src/main.c.obj
 .debug_macro   0x00012df4      0x236 CMakeFiles/TIM2ADC1DMA.dir/Core/Src/main.c.obj
 .debug_macro   0x0001302a      0x9e1 CMakeFiles/TIM2ADC1DMA.dir/Core/Src/main.c.obj
 .debug_macro   0x00013a0b      0x38b CMakeFiles/TIM2ADC1DMA.dir/Core/Src/main.c.obj
 .debug_macro   0x00013d96      0x17d CMakeFiles/TIM2ADC1DMA.dir/Core/Src/main.c.obj
 .debug_macro   0x00013f13       0xf9 CMakeFiles/TIM2ADC1DMA.dir/Core/Src/main.c.obj
 .debug_macro   0x0001400c      0x132 CMakeFiles/TIM2ADC1DMA.dir/Core/Src/main.c.obj
 .debug_macro   0x0001413e      0x264 CMakeFiles/TIM2ADC1DMA.dir/Core/Src/main.c.obj
 .debug_macro   0x000143a2       0x2e CMakeFiles/TIM2ADC1DMA.dir/Core/Src/main.c.obj
 .debug_macro   0x000143d0      0x127 CMakeFiles/TIM2ADC1DMA.dir/Core/Src/main.c.obj
 .debug_macro   0x000144f7       0x85 CMakeFiles/TIM2ADC1DMA.dir/Core/Src/main.c.obj
 .debug_macro   0x0001457c       0x89 CMakeFiles/TIM2ADC1DMA.dir/Core/Src/main.c.obj
 .debug_macro   0x00014605      0x8ed CMakeFiles/TIM2ADC1DMA.dir/Core/Src/main.c.obj
 .debug_macro   0x00014ef2       0x47 CMakeFiles/TIM2ADC1DMA.dir/Core/Src/main.c.obj
 .debug_macro   0x00014f39      0x126 CMakeFiles/TIM2ADC1DMA.dir/Core/Src/main.c.obj
 .debug_macro   0x0001505f       0x22 CMakeFiles/TIM2ADC1DMA.dir/Core/Src/main.c.obj
 .debug_macro   0x00015081      0x205 CMakeFiles/TIM2ADC1DMA.dir/Core/Src/stm32f4xx_it.c.obj
 .debug_macro   0x00015286      0x1fb CMakeFiles/TIM2ADC1DMA.dir/Core/Src/stm32f4xx_hal_msp.c.obj
 .debug_macro   0x00015481      0x1ed CMakeFiles/TIM2ADC1DMA.dir/Drivers/STM32F4xx_HAL_Driver/Src/stm32f4xx_hal_adc.c.obj
 .debug_macro   0x0001566e      0x1ec CMakeFiles/TIM2ADC1DMA.dir/Drivers/STM32F4xx_HAL_Driver/Src/stm32f4xx_hal_adc_ex.c.obj
 .debug_macro   0x0001585a      0x210 CMakeFiles/TIM2ADC1DMA.dir/Drivers/STM32F4xx_HAL_Driver/Src/stm32f4xx_hal_rcc.c.obj
 .debug_macro   0x00015a6a      0x1f2 CMakeFiles/TIM2ADC1DMA.dir/Drivers/STM32F4xx_HAL_Driver/Src/stm32f4xx_hal_gpio.c.obj
 .debug_macro   0x00015c5c      0x1f2 CMakeFiles/TIM2ADC1DMA.dir/Drivers/STM32F4xx_HAL_Driver/Src/stm32f4xx_hal_dma.c.obj
 .debug_macro   0x00015e4e      0x1ec CMakeFiles/TIM2ADC1DMA.dir/Drivers/STM32F4xx_HAL_Driver/Src/stm32f4xx_hal_cortex.c.obj
 .debug_macro   0x0001603a      0x24c CMakeFiles/TIM2ADC1DMA.dir/Drivers/STM32F4xx_HAL_Driver/Src/stm32f4xx_hal.c.obj
 .debug_macro   0x00016286      0x1ed CMakeFiles/TIM2ADC1DMA.dir/Drivers/STM32F4xx_HAL_Driver/Src/stm32f4xx_hal_tim.c.obj
 .debug_macro   0x00016473      0x1ec CMakeFiles/TIM2ADC1DMA.dir/Drivers/STM32F4xx_HAL_Driver/Src/stm32f4xx_hal_tim_ex.c.obj
 .debug_macro   0x0001665f      0x1ec CMakeFiles/TIM2ADC1DMA.dir/Core/Src/system_stm32f4xx.c.obj

.debug_line     0x00000000     0xda9d
 .debug_line    0x00000000      0x965 CMakeFiles/TIM2ADC1DMA.dir/Core/Src/main.c.obj
 .debug_line    0x00000965      0x947 CMakeFiles/TIM2ADC1DMA.dir/Core/Src/stm32f4xx_it.c.obj
 .debug_line    0x000012ac      0x892 CMakeFiles/TIM2ADC1DMA.dir/Core/Src/stm32f4xx_hal_msp.c.obj
 .debug_line    0x00001b3e     0x129b CMakeFiles/TIM2ADC1DMA.dir/Drivers/STM32F4xx_HAL_Driver/Src/stm32f4xx_hal_adc.c.obj
 .debug_line    0x00002dd9      0xfd1 CMakeFiles/TIM2ADC1DMA.dir/Drivers/STM32F4xx_HAL_Driver/Src/stm32f4xx_hal_adc_ex.c.obj
 .debug_line    0x00003daa      0xe5c CMakeFiles/TIM2ADC1DMA.dir/Drivers/STM32F4xx_HAL_Driver/Src/stm32f4xx_hal_rcc.c.obj
 .debug_line    0x00004c06      0xc23 CMakeFiles/TIM2ADC1DMA.dir/Drivers/STM32F4xx_HAL_Driver/Src/stm32f4xx_hal_gpio.c.obj
 .debug_line    0x00005829     0x1043 CMakeFiles/TIM2ADC1DMA.dir/Drivers/STM32F4xx_HAL_Driver/Src/stm32f4xx_hal_dma.c.obj
 .debug_line    0x0000686c      0xdc5 CMakeFiles/TIM2ADC1DMA.dir/Drivers/STM32F4xx_HAL_Driver/Src/stm32f4xx_hal_cortex.c.obj
 .debug_line    0x00007631      0xad3 CMakeFiles/TIM2ADC1DMA.dir/Drivers/STM32F4xx_HAL_Driver/Src/stm32f4xx_hal.c.obj
 .debug_line    0x00008104     0x3651 CMakeFiles/TIM2ADC1DMA.dir/Drivers/STM32F4xx_HAL_Driver/Src/stm32f4xx_hal_tim.c.obj
 .debug_line    0x0000b755     0x1a64 CMakeFiles/TIM2ADC1DMA.dir/Drivers/STM32F4xx_HAL_Driver/Src/stm32f4xx_hal_tim_ex.c.obj
 .debug_line    0x0000d1b9      0x86a CMakeFiles/TIM2ADC1DMA.dir/Core/Src/system_stm32f4xx.c.obj
 .debug_line    0x0000da23       0x7a CMakeFiles/TIM2ADC1DMA.dir/startup_stm32f411xe.s.obj

.debug_str      0x00000000    0x9448a
 .debug_str     0x00000000    0x91672 CMakeFiles/TIM2ADC1DMA.dir/Core/Src/main.c.obj
                              0x91a23 (size before relaxing)
 .debug_str     0x00091672      0x1c6 CMakeFiles/TIM2ADC1DMA.dir/Core/Src/stm32f4xx_it.c.obj
                              0x91307 (size before relaxing)
 .debug_str     0x00091838      0x106 CMakeFiles/TIM2ADC1DMA.dir/Core/Src/stm32f4xx_hal_msp.c.obj
                              0x91742 (size before relaxing)
 .debug_str     0x0009193e      0x2fd CMakeFiles/TIM2ADC1DMA.dir/Drivers/STM32F4xx_HAL_Driver/Src/stm32f4xx_hal_adc.c.obj
                              0x91154 (size before relaxing)
 .debug_str     0x00091c3b      0x321 CMakeFiles/TIM2ADC1DMA.dir/Drivers/STM32F4xx_HAL_Driver/Src/stm32f4xx_hal_adc_ex.c.obj
                              0x911a8 (size before relaxing)
 .debug_str     0x00091f5c      0x2dd CMakeFiles/TIM2ADC1DMA.dir/Drivers/STM32F4xx_HAL_Driver/Src/stm32f4xx_hal_rcc.c.obj
                              0x90fad (size before relaxing)
 .debug_str     0x00092239      0x14a CMakeFiles/TIM2ADC1DMA.dir/Drivers/STM32F4xx_HAL_Driver/Src/stm32f4xx_hal_gpio.c.obj
                              0x90cf4 (size before relaxing)
 .debug_str     0x00092383      0x317 CMakeFiles/TIM2ADC1DMA.dir/Drivers/STM32F4xx_HAL_Driver/Src/stm32f4xx_hal_dma.c.obj
                              0x90f81 (size before relaxing)
 .debug_str     0x0009269a      0x44e CMakeFiles/TIM2ADC1DMA.dir/Drivers/STM32F4xx_HAL_Driver/Src/stm32f4xx_hal_cortex.c.obj
                              0x9130f (size before relaxing)
 .debug_str     0x00092ae8      0x5c0 CMakeFiles/TIM2ADC1DMA.dir/Drivers/STM32F4xx_HAL_Driver/Src/stm32f4xx_hal.c.obj
                              0x915a5 (size before relaxing)
 .debug_str     0x000930a8      0xe0a CMakeFiles/TIM2ADC1DMA.dir/Drivers/STM32F4xx_HAL_Driver/Src/stm32f4xx_hal_tim.c.obj
                              0x91ef1 (size before relaxing)
 .debug_str     0x00093eb2      0x4d5 CMakeFiles/TIM2ADC1DMA.dir/Drivers/STM32F4xx_HAL_Driver/Src/stm32f4xx_hal_tim_ex.c.obj
                              0x916fd (size before relaxing)
 .debug_str     0x00094387       0x8c CMakeFiles/TIM2ADC1DMA.dir/Core/Src/system_stm32f4xx.c.obj
                              0x90b79 (size before relaxing)
 .debug_str     0x00094413       0x77 CMakeFiles/TIM2ADC1DMA.dir/startup_stm32f411xe.s.obj
                                 0xc8 (size before relaxing)

.comment        0x00000000       0x43
 .comment       0x00000000       0x43 CMakeFiles/TIM2ADC1DMA.dir/Core/Src/main.c.obj
                                 0x44 (size before relaxing)
 .comment       0x00000043       0x44 CMakeFiles/TIM2ADC1DMA.dir/Core/Src/stm32f4xx_it.c.obj
 .comment       0x00000043       0x44 CMakeFiles/TIM2ADC1DMA.dir/Core/Src/stm32f4xx_hal_msp.c.obj
 .comment       0x00000043       0x44 CMakeFiles/TIM2ADC1DMA.dir/Drivers/STM32F4xx_HAL_Driver/Src/stm32f4xx_hal_adc.c.obj
 .comment       0x00000043       0x44 CMakeFiles/TIM2ADC1DMA.dir/Drivers/STM32F4xx_HAL_Driver/Src/stm32f4xx_hal_adc_ex.c.obj
 .comment       0x00000043       0x44 CMakeFiles/TIM2ADC1DMA.dir/Drivers/STM32F4xx_HAL_Driver/Src/stm32f4xx_hal_rcc.c.obj
 .comment       0x00000043       0x44 CMakeFiles/TIM2ADC1DMA.dir/Drivers/STM32F4xx_HAL_Driver/Src/stm32f4xx_hal_gpio.c.obj
 .comment       0x00000043       0x44 CMakeFiles/TIM2ADC1DMA.dir/Drivers/STM32F4xx_HAL_Driver/Src/stm32f4xx_hal_dma.c.obj
 .comment       0x00000043       0x44 CMakeFiles/TIM2ADC1DMA.dir/Drivers/STM32F4xx_HAL_Driver/Src/stm32f4xx_hal_cortex.c.obj
 .comment       0x00000043       0x44 CMakeFiles/TIM2ADC1DMA.dir/Drivers/STM32F4xx_HAL_Driver/Src/stm32f4xx_hal.c.obj
 .comment       0x00000043       0x44 CMakeFiles/TIM2ADC1DMA.dir/Drivers/STM32F4xx_HAL_Driver/Src/stm32f4xx_hal_tim.c.obj
 .comment       0x00000043       0x44 CMakeFiles/TIM2ADC1DMA.dir/Drivers/STM32F4xx_HAL_Driver/Src/stm32f4xx_hal_tim_ex.c.obj
 .comment       0x00000043       0x44 CMakeFiles/TIM2ADC1DMA.dir/Core/Src/system_stm32f4xx.c.obj

.debug_line_str
                0x00000000       0xac
 .debug_line_str
                0x00000000       0xac CMakeFiles/TIM2ADC1DMA.dir/startup_stm32f411xe.s.obj
